D:\flutter\bin\flutter.bat : Package file_picker:linux references file_picker:linux as the default plugin, but it does 
not provide an inline implementation.
At C:\Users\suroj.awal\AppData\Local\Temp\ps-script-5d32f903-b044-4657-8581-dbd605e9963c.ps1:48 char:28
+ ... ms-flutter; D:\flutter\bin\flutter.bat build apk --release 2>&1 | Tee ...
+                 ~~~~~~~~~~~~~~~~~~~~~~~~~~~~~~~~~~~~~~~~~~~~~~~~~~~
    + CategoryInfo          : NotSpecified: (Package file_pi...implementation.:String) [], RemoteException
    + FullyQualifiedErrorId : NativeCommandError
 
Ask the maintainers of file_picker to either avoid referencing a default implementation via `platforms: linux: 
default_package: file_picker` or add an inline implementation to file_picker via `platforms: linux:` `pluginClass` or 
`dartPluginClass`.

Package file_picker:macos references file_picker:macos as the default plugin, but it does not provide an inline 
implementation.
Ask the maintainers of file_picker to either avoid referencing a default implementation via `platforms: macos: 
default_package: file_picker` or add an inline implementation to file_picker via `platforms: macos:` `pluginClass` or 
`dartPluginClass`.

Package file_picker:windows references file_picker:windows as the default plugin, but it does not provide an inline 
implementation.
Ask the maintainers of file_picker to either avoid referencing a default implementation via `platforms: windows: 
default_package: file_picker` or add an inline implementation to file_picker via `platforms: windows:` `pluginClass` 
or `dartPluginClass`.

Package file_picker:linux references file_picker:linux as the default plugin, but it does not provide an inline 
implementation.
Ask the maintainers of file_picker to either avoid referencing a default implementation via `platforms: linux: 
default_package: file_picker` or add an inline implementation to file_picker via `platforms: linux:` `pluginClass` or 
`dartPluginClass`.

Package file_picker:macos references file_picker:macos as the default plugin, but it does not provide an inline 
implementation.
Ask the maintainers of file_picker to either avoid referencing a default implementation via `platforms: macos: 
default_package: file_picker` or add an inline implementation to file_picker via `platforms: macos:` `pluginClass` or 
`dartPluginClass`.

Package file_picker:windows references file_picker:windows as the default plugin, but it does not provide an inline 
implementation.
Ask the maintainers of file_picker to either avoid referencing a default implementation via `platforms: windows: 
default_package: file_picker` or add an inline implementation to file_picker via `platforms: windows:` `pluginClass` 
or `dartPluginClass`.

Running Gradle task 'assembleRelease'...                        

FAILURE: Build failed with an exception.

* Where:
Build file 'D:\Android\sms-flutter\android\build.gradle' line: 26

* What went wrong:
A problem occurred evaluating root project 'android'.
> A problem occurred configuring project ':app'.
   > [CXX1101] NDK at C:\Users\suroj.awal\AppData\Local\Android\sdk\ndk\25.1.8937393 did not have a source.properties 
file

* Try:
> Run with --stacktrace option to get the stack trace.
> Run with --info or --debug option to get more log output.
> Run with --scan to get full insights.
> Get more help at https://help.gradle.org.

BUILD FAILED in 10s
Running Gradle task 'assembleRelease'...                           11.5s
Gradle task assembleRelease failed with exit code 1
